// Jest Snapshot v1, https://goo.gl/fbAQLP

exports[`Snapshot 1`] = `
<a
  class="App-link"
  href="https://reactjs.org"
  rel="noopener noreferrer"
  target="_blank"
>
  Learn React
</a>
`;

exports[`Snapshot 2`] = `
<DocumentFragment>
  <div
    class="App"
  >
    <header
      class="App-header"
    >
      <img
        alt="logo"
        class="App-logo"
        src="logo.svg"
      />
      <p>
        Edit 
        <code>
          src/App.js
        </code>
         and save to reload.
      </p>
      <a
        class="App-link"
        href="https://reactjs.org"
        rel="noopener noreferrer"
        target="_blank"
      >
        Learn React
      </a>
    </header>
  </div>
</DocumentFragment>
`;
